
===========================================================================
report_checks -path_delay max (Setup)
============================================================================
Startpoint: resetn (input port clocked by clk)
Endpoint: mem_la_addr[31] (output port clocked by clk)
Path Group: clk
Path Type: max

Fanout     Cap    Slew   Delay    Time   Description
-----------------------------------------------------------------------------
                  0.15    0.00    0.00   clock clk (rise edge)
                          0.00    0.00   clock network delay (ideal)
                          4.00    4.00 ^ input external delay
                  0.05    0.03    4.03 ^ resetn (in)
     3    0.01                           resetn (net)
                  0.05    0.00    4.03 ^ _19628_/B (sky130_fd_sc_hd__and3_2)
                  0.07    0.20    4.23 ^ _19628_/X (sky130_fd_sc_hd__and3_2)
     3    0.01                           _14298_ (net)
                  0.07    0.00    4.23 ^ _19629_/C (sky130_fd_sc_hd__and3_2)
                  0.05    0.19    4.42 ^ _19629_/X (sky130_fd_sc_hd__and3_2)
     2    0.01                           _14299_ (net)
                  0.05    0.00    4.43 ^ _19650_/B1 (sky130_fd_sc_hd__a22o_2)
                  0.04    0.13    4.56 ^ _19650_/X (sky130_fd_sc_hd__a22o_2)
     2    0.00                           _14320_ (net)
                  0.04    0.00    4.56 ^ _23059_/A (sky130_fd_sc_hd__and3_2)
                  0.08    0.20    4.76 ^ _23059_/X (sky130_fd_sc_hd__and3_2)
     3    0.01                           _17551_ (net)
                  0.08    0.00    4.76 ^ _23069_/A (sky130_fd_sc_hd__and2_2)
                  0.04    0.14    4.90 ^ _23069_/X (sky130_fd_sc_hd__and2_2)
     1    0.00                           _17560_ (net)
                  0.04    0.00    4.91 ^ _23070_/A (sky130_fd_sc_hd__buf_1)
                  0.25    0.23    5.13 ^ _23070_/X (sky130_fd_sc_hd__buf_1)
     4    0.02                           _17561_ (net)
                  0.25    0.00    5.14 ^ _23079_/A (sky130_fd_sc_hd__and3_2)
                  0.12    0.31    5.44 ^ _23079_/X (sky130_fd_sc_hd__and3_2)
     4    0.02                           _17568_ (net)
                  0.12    0.00    5.44 ^ _23090_/A (sky130_fd_sc_hd__and3_2)
                  0.12    0.26    5.71 ^ _23090_/X (sky130_fd_sc_hd__and3_2)
     4    0.02                           _17577_ (net)
                  0.12    0.00    5.71 ^ _23102_/A (sky130_fd_sc_hd__and3_2)
                  0.12    0.26    5.98 ^ _23102_/X (sky130_fd_sc_hd__and3_2)
     4    0.02                           _17587_ (net)
                  0.12    0.00    5.98 ^ _23112_/A (sky130_fd_sc_hd__and3_2)
                  0.12    0.26    6.24 ^ _23112_/X (sky130_fd_sc_hd__and3_2)
     4    0.02                           _17595_ (net)
                  0.12    0.00    6.24 ^ _23123_/A (sky130_fd_sc_hd__and3_2)
                  0.12    0.26    6.51 ^ _23123_/X (sky130_fd_sc_hd__and3_2)
     4    0.02                           _17604_ (net)
                  0.12    0.00    6.51 ^ _23134_/A (sky130_fd_sc_hd__and3_2)
                  0.12    0.26    6.77 ^ _23134_/X (sky130_fd_sc_hd__and3_2)
     4    0.02                           _17613_ (net)
                  0.12    0.00    6.78 ^ _23145_/A (sky130_fd_sc_hd__and3_2)
                  0.12    0.26    7.04 ^ _23145_/X (sky130_fd_sc_hd__and3_2)
     4    0.02                           _17622_ (net)
                  0.12    0.00    7.04 ^ _23156_/A (sky130_fd_sc_hd__and3_2)
                  0.12    0.26    7.31 ^ _23156_/X (sky130_fd_sc_hd__and3_2)
     4    0.02                           _17631_ (net)
                  0.12    0.00    7.31 ^ _23167_/A (sky130_fd_sc_hd__and3_2)
                  0.12    0.26    7.57 ^ _23167_/X (sky130_fd_sc_hd__and3_2)
     4    0.02                           _17640_ (net)
                  0.12    0.00    7.57 ^ _23178_/A (sky130_fd_sc_hd__and3_2)
                  0.12    0.26    7.84 ^ _23178_/X (sky130_fd_sc_hd__and3_2)
     4    0.02                           _17649_ (net)
                  0.12    0.00    7.84 ^ _23189_/A (sky130_fd_sc_hd__and3_2)
                  0.12    0.26    8.11 ^ _23189_/X (sky130_fd_sc_hd__and3_2)
     4    0.02                           _17658_ (net)
                  0.12    0.00    8.11 ^ _23199_/A (sky130_fd_sc_hd__and3_2)
                  0.12    0.26    8.37 ^ _23199_/X (sky130_fd_sc_hd__and3_2)
     4    0.02                           _17666_ (net)
                  0.12    0.00    8.37 ^ _23210_/A (sky130_fd_sc_hd__and3_2)
                  0.08    0.23    8.60 ^ _23210_/X (sky130_fd_sc_hd__and3_2)
     3    0.01                           _17675_ (net)
                  0.08    0.01    8.61 ^ _23216_/A (sky130_fd_sc_hd__nand2_2)
                  0.06    0.07    8.68 v _23216_/Y (sky130_fd_sc_hd__nand2_2)
     2    0.01                           _17680_ (net)
                  0.06    0.01    8.69 v _23222_/A (sky130_fd_sc_hd__xnor2_2)
                  0.09    0.14    8.83 ^ _23222_/Y (sky130_fd_sc_hd__xnor2_2)
     1    0.00                           _17685_ (net)
                  0.09    0.00    8.83 ^ _23223_/A1 (sky130_fd_sc_hd__mux2_2)
                  0.04    0.15    8.99 ^ _23223_/X (sky130_fd_sc_hd__mux2_2)
     1    0.00                           _17686_ (net)
                  0.04    0.00    8.99 ^ _23224_/A (sky130_fd_sc_hd__buf_1)
                  0.61    0.45    9.44 ^ _23224_/X (sky130_fd_sc_hd__buf_1)
     2    0.05                           mem_la_addr[31] (net)
                  0.61    0.00    9.44 ^ mem_la_addr[31] (out)
                                  9.44   data arrival time

                  0.15   20.00   20.00   clock clk (rise edge)
                          0.00   20.00   clock network delay (ideal)
                         -0.25   19.75   clock uncertainty
                          0.00   19.75   clock reconvergence pessimism
                         -4.00   15.75   output external delay
                                 15.75   data required time
-----------------------------------------------------------------------------
                                 15.75   data required time
                                 -9.44   data arrival time
-----------------------------------------------------------------------------
                                  6.31   slack (MET)


Startpoint: resetn (input port clocked by clk)
Endpoint: mem_la_addr[30] (output port clocked by clk)
Path Group: clk
Path Type: max

Fanout     Cap    Slew   Delay    Time   Description
-----------------------------------------------------------------------------
                  0.15    0.00    0.00   clock clk (rise edge)
                          0.00    0.00   clock network delay (ideal)
                          4.00    4.00 ^ input external delay
                  0.05    0.03    4.03 ^ resetn (in)
     3    0.01                           resetn (net)
                  0.05    0.00    4.03 ^ _19628_/B (sky130_fd_sc_hd__and3_2)
                  0.07    0.20    4.23 ^ _19628_/X (sky130_fd_sc_hd__and3_2)
     3    0.01                           _14298_ (net)
                  0.07    0.00    4.23 ^ _19629_/C (sky130_fd_sc_hd__and3_2)
                  0.05    0.19    4.42 ^ _19629_/X (sky130_fd_sc_hd__and3_2)
     2    0.01                           _14299_ (net)
                  0.05    0.00    4.43 ^ _19650_/B1 (sky130_fd_sc_hd__a22o_2)
                  0.04    0.13    4.56 ^ _19650_/X (sky130_fd_sc_hd__a22o_2)
     2    0.00                           _14320_ (net)
                  0.04    0.00    4.56 ^ _23059_/A (sky130_fd_sc_hd__and3_2)
                  0.08    0.20    4.76 ^ _23059_/X (sky130_fd_sc_hd__and3_2)
     3    0.01                           _17551_ (net)
                  0.08    0.00    4.76 ^ _23069_/A (sky130_fd_sc_hd__and2_2)
                  0.04    0.14    4.90 ^ _23069_/X (sky130_fd_sc_hd__and2_2)
     1    0.00                           _17560_ (net)
                  0.04    0.00    4.91 ^ _23070_/A (sky130_fd_sc_hd__buf_1)
                  0.25    0.23    5.13 ^ _23070_/X (sky130_fd_sc_hd__buf_1)
     4    0.02                           _17561_ (net)
                  0.25    0.00    5.14 ^ _23079_/A (sky130_fd_sc_hd__and3_2)
                  0.12    0.31    5.44 ^ _23079_/X (sky130_fd_sc_hd__and3_2)
     4    0.02                           _17568_ (net)
                  0.12    0.00    5.44 ^ _23090_/A (sky130_fd_sc_hd__and3_2)
                  0.12    0.26    5.71 ^ _23090_/X (sky130_fd_sc_hd__and3_2)
     4    0.02                           _17577_ (net)
                  0.12    0.00    5.71 ^ _23102_/A (sky130_fd_sc_hd__and3_2)
                  0.12    0.26    5.98 ^ _23102_/X (sky130_fd_sc_hd__and3_2)
     4    0.02                           _17587_ (net)
                  0.12    0.00    5.98 ^ _23112_/A (sky130_fd_sc_hd__and3_2)
                  0.12    0.26    6.24 ^ _23112_/X (sky130_fd_sc_hd__and3_2)
     4    0.02                           _17595_ (net)
                  0.12    0.00    6.24 ^ _23123_/A (sky130_fd_sc_hd__and3_2)
                  0.12    0.26    6.51 ^ _23123_/X (sky130_fd_sc_hd__and3_2)
     4    0.02                           _17604_ (net)
                  0.12    0.00    6.51 ^ _23134_/A (sky130_fd_sc_hd__and3_2)
                  0.12    0.26    6.77 ^ _23134_/X (sky130_fd_sc_hd__and3_2)
     4    0.02                           _17613_ (net)
                  0.12    0.00    6.78 ^ _23145_/A (sky130_fd_sc_hd__and3_2)
                  0.12    0.26    7.04 ^ _23145_/X (sky130_fd_sc_hd__and3_2)
     4    0.02                           _17622_ (net)
                  0.12    0.00    7.04 ^ _23156_/A (sky130_fd_sc_hd__and3_2)
                  0.12    0.26    7.31 ^ _23156_/X (sky130_fd_sc_hd__and3_2)
     4    0.02                           _17631_ (net)
                  0.12    0.00    7.31 ^ _23167_/A (sky130_fd_sc_hd__and3_2)
                  0.12    0.26    7.57 ^ _23167_/X (sky130_fd_sc_hd__and3_2)
     4    0.02                           _17640_ (net)
                  0.12    0.00    7.57 ^ _23178_/A (sky130_fd_sc_hd__and3_2)
                  0.12    0.26    7.84 ^ _23178_/X (sky130_fd_sc_hd__and3_2)
     4    0.02                           _17649_ (net)
                  0.12    0.00    7.84 ^ _23189_/A (sky130_fd_sc_hd__and3_2)
                  0.12    0.26    8.11 ^ _23189_/X (sky130_fd_sc_hd__and3_2)
     4    0.02                           _17658_ (net)
                  0.12    0.00    8.11 ^ _23199_/A (sky130_fd_sc_hd__and3_2)
                  0.12    0.26    8.37 ^ _23199_/X (sky130_fd_sc_hd__and3_2)
     4    0.02                           _17666_ (net)
                  0.12    0.00    8.37 ^ _23210_/A (sky130_fd_sc_hd__and3_2)
                  0.08    0.23    8.60 ^ _23210_/X (sky130_fd_sc_hd__and3_2)
     3    0.01                           _17675_ (net)
                  0.08    0.00    8.60 ^ _23217_/A (sky130_fd_sc_hd__or2_2)
                  0.03    0.11    8.72 ^ _23217_/X (sky130_fd_sc_hd__or2_2)
     1    0.00                           _17681_ (net)
                  0.03    0.01    8.72 ^ _23219_/A3 (sky130_fd_sc_hd__a31o_2)
                  0.04    0.14    8.87 ^ _23219_/X (sky130_fd_sc_hd__a31o_2)
     1    0.00                           _17683_ (net)
                  0.04    0.00    8.87 ^ _23220_/A (sky130_fd_sc_hd__buf_1)
                  0.61    0.45    9.32 ^ _23220_/X (sky130_fd_sc_hd__buf_1)
     2    0.05                           mem_la_addr[30] (net)
                  0.61    0.00    9.32 ^ mem_la_addr[30] (out)
                                  9.32   data arrival time

                  0.15   20.00   20.00   clock clk (rise edge)
                          0.00   20.00   clock network delay (ideal)
                         -0.25   19.75   clock uncertainty
                          0.00   19.75   clock reconvergence pessimism
                         -4.00   15.75   output external delay
                                 15.75   data required time
-----------------------------------------------------------------------------
                                 15.75   data required time
                                 -9.32   data arrival time
-----------------------------------------------------------------------------
                                  6.43   slack (MET)


Startpoint: resetn (input port clocked by clk)
Endpoint: mem_la_addr[29] (output port clocked by clk)
Path Group: clk
Path Type: max

Fanout     Cap    Slew   Delay    Time   Description
-----------------------------------------------------------------------------
                  0.15    0.00    0.00   clock clk (rise edge)
                          0.00    0.00   clock network delay (ideal)
                          4.00    4.00 ^ input external delay
                  0.05    0.03    4.03 ^ resetn (in)
     3    0.01                           resetn (net)
                  0.05    0.00    4.03 ^ _19628_/B (sky130_fd_sc_hd__and3_2)
                  0.07    0.20    4.23 ^ _19628_/X (sky130_fd_sc_hd__and3_2)
     3    0.01                           _14298_ (net)
                  0.07    0.00    4.23 ^ _19629_/C (sky130_fd_sc_hd__and3_2)
                  0.05    0.19    4.42 ^ _19629_/X (sky130_fd_sc_hd__and3_2)
     2    0.01                           _14299_ (net)
                  0.05    0.00    4.43 ^ _19650_/B1 (sky130_fd_sc_hd__a22o_2)
                  0.04    0.13    4.56 ^ _19650_/X (sky130_fd_sc_hd__a22o_2)
     2    0.00                           _14320_ (net)
                  0.04    0.00    4.56 ^ _23059_/A (sky130_fd_sc_hd__and3_2)
                  0.08    0.20    4.76 ^ _23059_/X (sky130_fd_sc_hd__and3_2)
     3    0.01                           _17551_ (net)
                  0.08    0.00    4.76 ^ _23069_/A (sky130_fd_sc_hd__and2_2)
                  0.04    0.14    4.90 ^ _23069_/X (sky130_fd_sc_hd__and2_2)
     1    0.00                           _17560_ (net)
                  0.04    0.00    4.91 ^ _23070_/A (sky130_fd_sc_hd__buf_1)
                  0.25    0.23    5.13 ^ _23070_/X (sky130_fd_sc_hd__buf_1)
     4    0.02                           _17561_ (net)
                  0.25    0.00    5.14 ^ _23079_/A (sky130_fd_sc_hd__and3_2)
                  0.12    0.31    5.44 ^ _23079_/X (sky130_fd_sc_hd__and3_2)
     4    0.02                           _17568_ (net)
                  0.12    0.00    5.44 ^ _23090_/A (sky130_fd_sc_hd__and3_2)
                  0.12    0.26    5.71 ^ _23090_/X (sky130_fd_sc_hd__and3_2)
     4    0.02                           _17577_ (net)
                  0.12    0.00    5.71 ^ _23102_/A (sky130_fd_sc_hd__and3_2)
                  0.12    0.26    5.98 ^ _23102_/X (sky130_fd_sc_hd__and3_2)
     4    0.02                           _17587_ (net)
                  0.12    0.00    5.98 ^ _23112_/A (sky130_fd_sc_hd__and3_2)
                  0.12    0.26    6.24 ^ _23112_/X (sky130_fd_sc_hd__and3_2)
     4    0.02                           _17595_ (net)
                  0.12    0.00    6.24 ^ _23123_/A (sky130_fd_sc_hd__and3_2)
                  0.12    0.26    6.51 ^ _23123_/X (sky130_fd_sc_hd__and3_2)
     4    0.02                           _17604_ (net)
                  0.12    0.00    6.51 ^ _23134_/A (sky130_fd_sc_hd__and3_2)
                  0.12    0.26    6.77 ^ _23134_/X (sky130_fd_sc_hd__and3_2)
     4    0.02                           _17613_ (net)
                  0.12    0.00    6.78 ^ _23145_/A (sky130_fd_sc_hd__and3_2)
                  0.12    0.26    7.04 ^ _23145_/X (sky130_fd_sc_hd__and3_2)
     4    0.02                           _17622_ (net)
                  0.12    0.00    7.04 ^ _23156_/A (sky130_fd_sc_hd__and3_2)
                  0.12    0.26    7.31 ^ _23156_/X (sky130_fd_sc_hd__and3_2)
     4    0.02                           _17631_ (net)
                  0.12    0.00    7.31 ^ _23167_/A (sky130_fd_sc_hd__and3_2)
                  0.12    0.26    7.57 ^ _23167_/X (sky130_fd_sc_hd__and3_2)
     4    0.02                           _17640_ (net)
                  0.12    0.00    7.57 ^ _23178_/A (sky130_fd_sc_hd__and3_2)
                  0.12    0.26    7.84 ^ _23178_/X (sky130_fd_sc_hd__and3_2)
     4    0.02                           _17649_ (net)
                  0.12    0.00    7.84 ^ _23189_/A (sky130_fd_sc_hd__and3_2)
                  0.12    0.26    8.11 ^ _23189_/X (sky130_fd_sc_hd__and3_2)
     4    0.02                           _17658_ (net)
                  0.12    0.00    8.11 ^ _23199_/A (sky130_fd_sc_hd__and3_2)
                  0.12    0.26    8.37 ^ _23199_/X (sky130_fd_sc_hd__and3_2)
     4    0.02                           _17666_ (net)
                  0.12    0.00    8.37 ^ _23210_/A (sky130_fd_sc_hd__and3_2)
                  0.08    0.23    8.60 ^ _23210_/X (sky130_fd_sc_hd__and3_2)
     3    0.01                           _17675_ (net)
                  0.08    0.01    8.61 ^ _23212_/A (sky130_fd_sc_hd__nor2_2)
                  0.03    0.04    8.65 v _23212_/Y (sky130_fd_sc_hd__nor2_2)
     1    0.00                           _17677_ (net)
                  0.03    0.00    8.66 v _23213_/A1 (sky130_fd_sc_hd__mux2_2)
                  0.05    0.26    8.91 v _23213_/X (sky130_fd_sc_hd__mux2_2)
     1    0.00                           _17678_ (net)
                  0.05    0.00    8.92 v _23214_/A (sky130_fd_sc_hd__buf_1)
                  0.31    0.26    9.18 v _23214_/X (sky130_fd_sc_hd__buf_1)
     2    0.05                           mem_la_addr[29] (net)
                  0.31    0.00    9.18 v mem_la_addr[29] (out)
                                  9.18   data arrival time

                  0.15   20.00   20.00   clock clk (rise edge)
                          0.00   20.00   clock network delay (ideal)
                         -0.25   19.75   clock uncertainty
                          0.00   19.75   clock reconvergence pessimism
                         -4.00   15.75   output external delay
                                 15.75   data required time
-----------------------------------------------------------------------------
                                 15.75   data required time
                                 -9.18   data arrival time
-----------------------------------------------------------------------------
                                  6.57   slack (MET)


Startpoint: resetn (input port clocked by clk)
Endpoint: mem_la_addr[28] (output port clocked by clk)
Path Group: clk
Path Type: max

Fanout     Cap    Slew   Delay    Time   Description
-----------------------------------------------------------------------------
                  0.15    0.00    0.00   clock clk (rise edge)
                          0.00    0.00   clock network delay (ideal)
                          4.00    4.00 ^ input external delay
                  0.05    0.03    4.03 ^ resetn (in)
     3    0.01                           resetn (net)
                  0.05    0.00    4.03 ^ _19628_/B (sky130_fd_sc_hd__and3_2)
                  0.07    0.20    4.23 ^ _19628_/X (sky130_fd_sc_hd__and3_2)
     3    0.01                           _14298_ (net)
                  0.07    0.00    4.23 ^ _19629_/C (sky130_fd_sc_hd__and3_2)
                  0.05    0.19    4.42 ^ _19629_/X (sky130_fd_sc_hd__and3_2)
     2    0.01                           _14299_ (net)
                  0.05    0.00    4.43 ^ _19650_/B1 (sky130_fd_sc_hd__a22o_2)
                  0.04    0.13    4.56 ^ _19650_/X (sky130_fd_sc_hd__a22o_2)
     2    0.00                           _14320_ (net)
                  0.04    0.00    4.56 ^ _23059_/A (sky130_fd_sc_hd__and3_2)
                  0.08    0.20    4.76 ^ _23059_/X (sky130_fd_sc_hd__and3_2)
     3    0.01                           _17551_ (net)
                  0.08    0.00    4.76 ^ _23069_/A (sky130_fd_sc_hd__and2_2)
                  0.04    0.14    4.90 ^ _23069_/X (sky130_fd_sc_hd__and2_2)
     1    0.00                           _17560_ (net)
                  0.04    0.00    4.91 ^ _23070_/A (sky130_fd_sc_hd__buf_1)
                  0.25    0.23    5.13 ^ _23070_/X (sky130_fd_sc_hd__buf_1)
     4    0.02                           _17561_ (net)
                  0.25    0.00    5.14 ^ _23079_/A (sky130_fd_sc_hd__and3_2)
                  0.12    0.31    5.44 ^ _23079_/X (sky130_fd_sc_hd__and3_2)
     4    0.02                           _17568_ (net)
                  0.12    0.00    5.44 ^ _23090_/A (sky130_fd_sc_hd__and3_2)
                  0.12    0.26    5.71 ^ _23090_/X (sky130_fd_sc_hd__and3_2)
     4    0.02                           _17577_ (net)
                  0.12    0.00    5.71 ^ _23102_/A (sky130_fd_sc_hd__and3_2)
                  0.12    0.26    5.98 ^ _23102_/X (sky130_fd_sc_hd__and3_2)
     4    0.02                           _17587_ (net)
                  0.12    0.00    5.98 ^ _23112_/A (sky130_fd_sc_hd__and3_2)
                  0.12    0.26    6.24 ^ _23112_/X (sky130_fd_sc_hd__and3_2)
     4    0.02                           _17595_ (net)
                  0.12    0.00    6.24 ^ _23123_/A (sky130_fd_sc_hd__and3_2)
                  0.12    0.26    6.51 ^ _23123_/X (sky130_fd_sc_hd__and3_2)
     4    0.02                           _17604_ (net)
                  0.12    0.00    6.51 ^ _23134_/A (sky130_fd_sc_hd__and3_2)
                  0.12    0.26    6.77 ^ _23134_/X (sky130_fd_sc_hd__and3_2)
     4    0.02                           _17613_ (net)
                  0.12    0.00    6.78 ^ _23145_/A (sky130_fd_sc_hd__and3_2)
                  0.12    0.26    7.04 ^ _23145_/X (sky130_fd_sc_hd__and3_2)
     4    0.02                           _17622_ (net)
                  0.12    0.00    7.04 ^ _23156_/A (sky130_fd_sc_hd__and3_2)
                  0.12    0.26    7.31 ^ _23156_/X (sky130_fd_sc_hd__and3_2)
     4    0.02                           _17631_ (net)
                  0.12    0.00    7.31 ^ _23167_/A (sky130_fd_sc_hd__and3_2)
                  0.12    0.26    7.57 ^ _23167_/X (sky130_fd_sc_hd__and3_2)
     4    0.02                           _17640_ (net)
                  0.12    0.00    7.57 ^ _23178_/A (sky130_fd_sc_hd__and3_2)
                  0.12    0.26    7.84 ^ _23178_/X (sky130_fd_sc_hd__and3_2)
     4    0.02                           _17649_ (net)
                  0.12    0.00    7.84 ^ _23189_/A (sky130_fd_sc_hd__and3_2)
                  0.12    0.26    8.11 ^ _23189_/X (sky130_fd_sc_hd__and3_2)
     4    0.02                           _17658_ (net)
                  0.12    0.00    8.11 ^ _23199_/A (sky130_fd_sc_hd__and3_2)
                  0.12    0.26    8.37 ^ _23199_/X (sky130_fd_sc_hd__and3_2)
     4    0.02                           _17666_ (net)
                  0.12    0.01    8.38 ^ _23206_/A (sky130_fd_sc_hd__xor2_2)
                  0.08    0.13    8.51 ^ _23206_/X (sky130_fd_sc_hd__xor2_2)
     1    0.00                           _17672_ (net)
                  0.08    0.00    8.51 ^ _23207_/A1 (sky130_fd_sc_hd__mux2_2)
                  0.04    0.15    8.67 ^ _23207_/X (sky130_fd_sc_hd__mux2_2)
     1    0.00                           _17673_ (net)
                  0.04    0.00    8.67 ^ _23208_/A (sky130_fd_sc_hd__buf_1)
                  0.61    0.45    9.12 ^ _23208_/X (sky130_fd_sc_hd__buf_1)
     2    0.05                           mem_la_addr[28] (net)
                  0.61    0.00    9.12 ^ mem_la_addr[28] (out)
                                  9.12   data arrival time

                  0.15   20.00   20.00   clock clk (rise edge)
                          0.00   20.00   clock network delay (ideal)
                         -0.25   19.75   clock uncertainty
                          0.00   19.75   clock reconvergence pessimism
                         -4.00   15.75   output external delay
                                 15.75   data required time
-----------------------------------------------------------------------------
                                 15.75   data required time
                                 -9.12   data arrival time
-----------------------------------------------------------------------------
                                  6.63   slack (MET)


Startpoint: resetn (input port clocked by clk)
Endpoint: mem_la_addr[27] (output port clocked by clk)
Path Group: clk
Path Type: max

Fanout     Cap    Slew   Delay    Time   Description
-----------------------------------------------------------------------------
                  0.15    0.00    0.00   clock clk (rise edge)
                          0.00    0.00   clock network delay (ideal)
                          4.00    4.00 ^ input external delay
                  0.05    0.03    4.03 ^ resetn (in)
     3    0.01                           resetn (net)
                  0.05    0.00    4.03 ^ _19628_/B (sky130_fd_sc_hd__and3_2)
                  0.07    0.20    4.23 ^ _19628_/X (sky130_fd_sc_hd__and3_2)
     3    0.01                           _14298_ (net)
                  0.07    0.00    4.23 ^ _19629_/C (sky130_fd_sc_hd__and3_2)
                  0.05    0.19    4.42 ^ _19629_/X (sky130_fd_sc_hd__and3_2)
     2    0.01                           _14299_ (net)
                  0.05    0.00    4.43 ^ _19650_/B1 (sky130_fd_sc_hd__a22o_2)
                  0.04    0.13    4.56 ^ _19650_/X (sky130_fd_sc_hd__a22o_2)
     2    0.00                           _14320_ (net)
                  0.04    0.00    4.56 ^ _23059_/A (sky130_fd_sc_hd__and3_2)
                  0.08    0.20    4.76 ^ _23059_/X (sky130_fd_sc_hd__and3_2)
     3    0.01                           _17551_ (net)
                  0.08    0.00    4.76 ^ _23069_/A (sky130_fd_sc_hd__and2_2)
                  0.04    0.14    4.90 ^ _23069_/X (sky130_fd_sc_hd__and2_2)
     1    0.00                           _17560_ (net)
                  0.04    0.00    4.91 ^ _23070_/A (sky130_fd_sc_hd__buf_1)
                  0.25    0.23    5.13 ^ _23070_/X (sky130_fd_sc_hd__buf_1)
     4    0.02                           _17561_ (net)
                  0.25    0.00    5.14 ^ _23079_/A (sky130_fd_sc_hd__and3_2)
                  0.12    0.31    5.44 ^ _23079_/X (sky130_fd_sc_hd__and3_2)
     4    0.02                           _17568_ (net)
                  0.12    0.00    5.44 ^ _23090_/A (sky130_fd_sc_hd__and3_2)
                  0.12    0.26    5.71 ^ _23090_/X (sky130_fd_sc_hd__and3_2)
     4    0.02                           _17577_ (net)
                  0.12    0.00    5.71 ^ _23102_/A (sky130_fd_sc_hd__and3_2)
                  0.12    0.26    5.98 ^ _23102_/X (sky130_fd_sc_hd__and3_2)
     4    0.02                           _17587_ (net)
                  0.12    0.00    5.98 ^ _23112_/A (sky130_fd_sc_hd__and3_2)
                  0.12    0.26    6.24 ^ _23112_/X (sky130_fd_sc_hd__and3_2)
     4    0.02                           _17595_ (net)
                  0.12    0.00    6.24 ^ _23123_/A (sky130_fd_sc_hd__and3_2)
                  0.12    0.26    6.51 ^ _23123_/X (sky130_fd_sc_hd__and3_2)
     4    0.02                           _17604_ (net)
                  0.12    0.00    6.51 ^ _23134_/A (sky130_fd_sc_hd__and3_2)
                  0.12    0.26    6.77 ^ _23134_/X (sky130_fd_sc_hd__and3_2)
     4    0.02                           _17613_ (net)
                  0.12    0.00    6.78 ^ _23145_/A (sky130_fd_sc_hd__and3_2)
                  0.12    0.26    7.04 ^ _23145_/X (sky130_fd_sc_hd__and3_2)
     4    0.02                           _17622_ (net)
                  0.12    0.00    7.04 ^ _23156_/A (sky130_fd_sc_hd__and3_2)
                  0.12    0.26    7.31 ^ _23156_/X (sky130_fd_sc_hd__and3_2)
     4    0.02                           _17631_ (net)
                  0.12    0.00    7.31 ^ _23167_/A (sky130_fd_sc_hd__and3_2)
                  0.12    0.26    7.57 ^ _23167_/X (sky130_fd_sc_hd__and3_2)
     4    0.02                           _17640_ (net)
                  0.12    0.00    7.57 ^ _23178_/A (sky130_fd_sc_hd__and3_2)
                  0.12    0.26    7.84 ^ _23178_/X (sky130_fd_sc_hd__and3_2)
     4    0.02                           _17649_ (net)
                  0.12    0.00    7.84 ^ _23189_/A (sky130_fd_sc_hd__and3_2)
                  0.12    0.26    8.11 ^ _23189_/X (sky130_fd_sc_hd__and3_2)
     4    0.02                           _17658_ (net)
                  0.12    0.00    8.11 ^ _23199_/A (sky130_fd_sc_hd__and3_2)
                  0.12    0.26    8.37 ^ _23199_/X (sky130_fd_sc_hd__and3_2)
     4    0.02                           _17666_ (net)
                  0.12    0.01    8.38 ^ _23201_/A (sky130_fd_sc_hd__nor2_2)
                  0.03    0.05    8.43 v _23201_/Y (sky130_fd_sc_hd__nor2_2)
     1    0.00                           _17668_ (net)
                  0.03    0.00    8.43 v _23202_/A1 (sky130_fd_sc_hd__mux2_2)
                  0.05    0.26    8.69 v _23202_/X (sky130_fd_sc_hd__mux2_2)
     1    0.00                           _17669_ (net)
                  0.05    0.00    8.70 v _23203_/A (sky130_fd_sc_hd__buf_1)
                  0.31    0.26    8.96 v _23203_/X (sky130_fd_sc_hd__buf_1)
     2    0.05                           mem_la_addr[27] (net)
                  0.31    0.00    8.96 v mem_la_addr[27] (out)
                                  8.96   data arrival time

                  0.15   20.00   20.00   clock clk (rise edge)
                          0.00   20.00   clock network delay (ideal)
                         -0.25   19.75   clock uncertainty
                          0.00   19.75   clock reconvergence pessimism
                         -4.00   15.75   output external delay
                                 15.75   data required time
-----------------------------------------------------------------------------
                                 15.75   data required time
                                 -8.96   data arrival time
-----------------------------------------------------------------------------
                                  6.79   slack (MET)


