
===========================================================================
report_checks -path_delay min (Hold)
============================================================================
Startpoint: _39323_ (rising edge-triggered flip-flop clocked by clk)
Endpoint: _39323_ (rising edge-triggered flip-flop clocked by clk)
Path Group: clk
Path Type: min

Fanout     Cap    Slew   Delay    Time   Description
-----------------------------------------------------------------------------
                  0.15    0.00    0.00   clock clk (rise edge)
                          0.00    0.00   clock network delay (ideal)
                  0.15    0.00    0.00 ^ _39323_/CLK (sky130_fd_sc_hd__dfxtp_1)
                  0.09    0.36    0.36 ^ _39323_/Q (sky130_fd_sc_hd__dfxtp_1)
     3    0.01                           genblk1.pcpi_mul.active[0] (net)
                  0.09    0.00    0.36 ^ _31874_/C (sky130_fd_sc_hd__nor4_1)
                  0.04    0.06    0.42 v _31874_/Y (sky130_fd_sc_hd__nor4_1)
     2    0.01                           _00207_ (net)
                  0.04    0.00    0.42 v _39323_/D (sky130_fd_sc_hd__dfxtp_1)
                                  0.42   data arrival time

                  0.15    0.00    0.00   clock clk (rise edge)
                          0.00    0.00   clock network delay (ideal)
                          0.25    0.25   clock uncertainty
                          0.00    0.25   clock reconvergence pessimism
                                  0.25 ^ _39323_/CLK (sky130_fd_sc_hd__dfxtp_1)
                         -0.03    0.22   library hold time
                                  0.22   data required time
-----------------------------------------------------------------------------
                                  0.22   data required time
                                 -0.42   data arrival time
-----------------------------------------------------------------------------
                                  0.20   slack (MET)


Startpoint: _40344_ (rising edge-triggered flip-flop clocked by clk)
Endpoint: _40344_ (rising edge-triggered flip-flop clocked by clk)
Path Group: clk
Path Type: min

Fanout     Cap    Slew   Delay    Time   Description
-----------------------------------------------------------------------------
                  0.15    0.00    0.00   clock clk (rise edge)
                          0.00    0.00   clock network delay (ideal)
                  0.15    0.00    0.00 ^ _40344_/CLK (sky130_fd_sc_hd__dfxtp_1)
                  0.09    0.36    0.36 ^ _40344_/Q (sky130_fd_sc_hd__dfxtp_1)
     3    0.01                           count_instr[63] (net)
                  0.09    0.00    0.36 ^ _35067_/A1 (sky130_fd_sc_hd__a21oi_1)
                  0.03    0.07    0.42 v _35067_/Y (sky130_fd_sc_hd__a21oi_1)
     1    0.00                           _01128_ (net)
                  0.03    0.00    0.42 v _40344_/D (sky130_fd_sc_hd__dfxtp_1)
                                  0.42   data arrival time

                  0.15    0.00    0.00   clock clk (rise edge)
                          0.00    0.00   clock network delay (ideal)
                          0.25    0.25   clock uncertainty
                          0.00    0.25   clock reconvergence pessimism
                                  0.25 ^ _40344_/CLK (sky130_fd_sc_hd__dfxtp_1)
                         -0.03    0.22   library hold time
                                  0.22   data required time
-----------------------------------------------------------------------------
                                  0.22   data required time
                                 -0.42   data arrival time
-----------------------------------------------------------------------------
                                  0.20   slack (MET)


Startpoint: _40470_ (rising edge-triggered flip-flop clocked by clk)
Endpoint: _40470_ (rising edge-triggered flip-flop clocked by clk)
Path Group: clk
Path Type: min

Fanout     Cap    Slew   Delay    Time   Description
-----------------------------------------------------------------------------
                  0.15    0.00    0.00   clock clk (rise edge)
                          0.00    0.00   clock network delay (ideal)
                  0.15    0.00    0.00 ^ _40470_/CLK (sky130_fd_sc_hd__dfxtp_1)
                  0.10    0.36    0.36 ^ _40470_/Q (sky130_fd_sc_hd__dfxtp_1)
     3    0.01                           count_cycle[63] (net)
                  0.10    0.00    0.36 ^ _35847_/A1 (sky130_fd_sc_hd__a21oi_1)
                  0.03    0.06    0.43 v _35847_/Y (sky130_fd_sc_hd__a21oi_1)
     1    0.00                           _01254_ (net)
                  0.03    0.00    0.43 v _40470_/D (sky130_fd_sc_hd__dfxtp_1)
                                  0.43   data arrival time

                  0.15    0.00    0.00   clock clk (rise edge)
                          0.00    0.00   clock network delay (ideal)
                          0.25    0.25   clock uncertainty
                          0.00    0.25   clock reconvergence pessimism
                                  0.25 ^ _40470_/CLK (sky130_fd_sc_hd__dfxtp_1)
                         -0.02    0.23   library hold time
                                  0.23   data required time
-----------------------------------------------------------------------------
                                  0.23   data required time
                                 -0.43   data arrival time
-----------------------------------------------------------------------------
                                  0.20   slack (MET)


Startpoint: _40407_ (rising edge-triggered flip-flop clocked by clk)
Endpoint: _40407_ (rising edge-triggered flip-flop clocked by clk)
Path Group: clk
Path Type: min

Fanout     Cap    Slew   Delay    Time   Description
-----------------------------------------------------------------------------
                  0.15    0.00    0.00   clock clk (rise edge)
                          0.00    0.00   clock network delay (ideal)
                  0.15    0.00    0.00 ^ _40407_/CLK (sky130_fd_sc_hd__dfxtp_1)
                  0.08    0.36    0.36 v _40407_/Q (sky130_fd_sc_hd__dfxtp_1)
     5    0.02                           count_cycle[0] (net)
                  0.08    0.00    0.36 v _35648_/B (sky130_fd_sc_hd__nor2_1)
                  0.07    0.08    0.44 ^ _35648_/Y (sky130_fd_sc_hd__nor2_1)
     1    0.00                           _01191_ (net)
                  0.07    0.00    0.44 ^ _40407_/D (sky130_fd_sc_hd__dfxtp_1)
                                  0.44   data arrival time

                  0.15    0.00    0.00   clock clk (rise edge)
                          0.00    0.00   clock network delay (ideal)
                          0.25    0.25   clock uncertainty
                          0.00    0.25   clock reconvergence pessimism
                                  0.25 ^ _40407_/CLK (sky130_fd_sc_hd__dfxtp_1)
                         -0.02    0.23   library hold time
                                  0.23   data required time
-----------------------------------------------------------------------------
                                  0.23   data required time
                                 -0.44   data arrival time
-----------------------------------------------------------------------------
                                  0.21   slack (MET)


Startpoint: _40468_ (rising edge-triggered flip-flop clocked by clk)
Endpoint: _40468_ (rising edge-triggered flip-flop clocked by clk)
Path Group: clk
Path Type: min

Fanout     Cap    Slew   Delay    Time   Description
-----------------------------------------------------------------------------
                  0.15    0.00    0.00   clock clk (rise edge)
                          0.00    0.00   clock network delay (ideal)
                  0.15    0.00    0.00 ^ _40468_/CLK (sky130_fd_sc_hd__dfxtp_1)
                  0.14    0.39    0.39 ^ _40468_/Q (sky130_fd_sc_hd__dfxtp_1)
     5    0.01                           count_cycle[61] (net)
                  0.14    0.00    0.39 ^ _35841_/A1 (sky130_fd_sc_hd__a21oi_1)
                  0.03    0.08    0.47 v _35841_/Y (sky130_fd_sc_hd__a21oi_1)
     1    0.00                           _01252_ (net)
                  0.03    0.00    0.47 v _40468_/D (sky130_fd_sc_hd__dfxtp_1)
                                  0.47   data arrival time

                  0.15    0.00    0.00   clock clk (rise edge)
                          0.00    0.00   clock network delay (ideal)
                          0.25    0.25   clock uncertainty
                          0.00    0.25   clock reconvergence pessimism
                                  0.25 ^ _40468_/CLK (sky130_fd_sc_hd__dfxtp_1)
                         -0.03    0.22   library hold time
                                  0.22   data required time
-----------------------------------------------------------------------------
                                  0.22   data required time
                                 -0.47   data arrival time
-----------------------------------------------------------------------------
                                  0.24   slack (MET)


