
===========================================================================
report_checks -unconstrained
============================================================================
Startpoint: resetn (input port clocked by clk)
Endpoint: mem_la_addr[31] (output port clocked by clk)
Path Group: clk
Path Type: max

Fanout     Cap    Slew   Delay    Time   Description
-----------------------------------------------------------------------------
                          0.00    0.00   clock clk (rise edge)
                          0.00    0.00   clock network delay (propagated)
                          4.00    4.00 ^ input external delay
                  0.05    0.03    4.03 ^ resetn (in)
     1    0.01                           resetn (net)
                  0.05    0.00    4.03 ^ input101/A (sky130_fd_sc_hd__clkbuf_16)
                  0.12    0.20    4.23 ^ input101/X (sky130_fd_sc_hd__clkbuf_16)
     3    0.11                           net101 (net)
                  0.12    0.01    4.24 ^ _19628_/B (sky130_fd_sc_hd__and3_1)
                  0.17    0.27    4.51 ^ _19628_/X (sky130_fd_sc_hd__and3_1)
     3    0.02                           _14298_ (net)
                  0.17    0.00    4.51 ^ _19629_/C (sky130_fd_sc_hd__and3_1)
                  0.09    0.22    4.73 ^ _19629_/X (sky130_fd_sc_hd__and3_1)
     2    0.01                           _14299_ (net)
                  0.09    0.00    4.73 ^ _19650_/B1 (sky130_fd_sc_hd__a22o_1)
                  0.17    0.23    4.96 ^ _19650_/X (sky130_fd_sc_hd__a22o_1)
     2    0.02                           _14320_ (net)
                  0.17    0.00    4.96 ^ _23059_/A (sky130_fd_sc_hd__and3_2)
                  0.13    0.29    5.26 ^ _23059_/X (sky130_fd_sc_hd__and3_2)
     3    0.02                           _17551_ (net)
                  0.13    0.00    5.26 ^ _23069_/A (sky130_fd_sc_hd__and2_1)
                  0.05    0.15    5.41 ^ _23069_/X (sky130_fd_sc_hd__and2_1)
     1    0.00                           _17560_ (net)
                  0.05    0.00    5.41 ^ _23070_/A (sky130_fd_sc_hd__buf_2)
                  0.16    0.20    5.61 ^ _23070_/X (sky130_fd_sc_hd__buf_2)
     4    0.03                           _17561_ (net)
                  0.16    0.00    5.61 ^ _23079_/A (sky130_fd_sc_hd__and3_1)
                  0.17    0.27    5.89 ^ _23079_/X (sky130_fd_sc_hd__and3_1)
     4    0.02                           _17568_ (net)
                  0.17    0.00    5.89 ^ _23090_/A (sky130_fd_sc_hd__and3_1)
                  0.19    0.29    6.18 ^ _23090_/X (sky130_fd_sc_hd__and3_1)
     4    0.02                           _17577_ (net)
                  0.19    0.00    6.18 ^ _23102_/A (sky130_fd_sc_hd__and3_2)
                  0.16    0.32    6.50 ^ _23102_/X (sky130_fd_sc_hd__and3_2)
     4    0.03                           _17587_ (net)
                  0.16    0.00    6.50 ^ _23112_/A (sky130_fd_sc_hd__and3_1)
                  0.17    0.28    6.78 ^ _23112_/X (sky130_fd_sc_hd__and3_1)
     4    0.02                           _17595_ (net)
                  0.17    0.00    6.78 ^ _23123_/A (sky130_fd_sc_hd__and3_1)
                  0.24    0.33    7.12 ^ _23123_/X (sky130_fd_sc_hd__and3_1)
     4    0.02                           _17604_ (net)
                  0.24    0.00    7.12 ^ _23134_/A (sky130_fd_sc_hd__and3_1)
                  0.19    0.32    7.44 ^ _23134_/X (sky130_fd_sc_hd__and3_1)
     4    0.02                           _17613_ (net)
                  0.19    0.00    7.44 ^ _23145_/A (sky130_fd_sc_hd__and3_1)
                  0.19    0.30    7.73 ^ _23145_/X (sky130_fd_sc_hd__and3_1)
     4    0.02                           _17622_ (net)
                  0.19    0.00    7.74 ^ _23156_/A (sky130_fd_sc_hd__and3_1)
                  0.18    0.29    8.03 ^ _23156_/X (sky130_fd_sc_hd__and3_1)
     4    0.02                           _17631_ (net)
                  0.18    0.00    8.03 ^ _23167_/A (sky130_fd_sc_hd__and3_1)
                  0.18    0.29    8.32 ^ _23167_/X (sky130_fd_sc_hd__and3_1)
     4    0.02                           _17640_ (net)
                  0.18    0.00    8.32 ^ _23178_/A (sky130_fd_sc_hd__and3_1)
                  0.18    0.29    8.61 ^ _23178_/X (sky130_fd_sc_hd__and3_1)
     4    0.02                           _17649_ (net)
                  0.18    0.00    8.61 ^ _23189_/A (sky130_fd_sc_hd__and3_2)
                  0.13    0.30    8.91 ^ _23189_/X (sky130_fd_sc_hd__and3_2)
     4    0.02                           _17658_ (net)
                  0.13    0.00    8.91 ^ _23199_/A (sky130_fd_sc_hd__and3_1)
                  0.16    0.27    9.17 ^ _23199_/X (sky130_fd_sc_hd__and3_1)
     4    0.02                           _17666_ (net)
                  0.16    0.00    9.17 ^ _23210_/A (sky130_fd_sc_hd__and3_1)
                  0.13    0.24    9.42 ^ _23210_/X (sky130_fd_sc_hd__and3_1)
     3    0.01                           _17675_ (net)
                  0.13    0.00    9.42 ^ _23216_/A (sky130_fd_sc_hd__nand2_1)
                  0.08    0.11    9.53 v _23216_/Y (sky130_fd_sc_hd__nand2_1)
     2    0.01                           _17680_ (net)
                  0.08    0.00    9.53 v _23222_/A (sky130_fd_sc_hd__xnor2_1)
                  0.05    0.14    9.67 v _23222_/Y (sky130_fd_sc_hd__xnor2_1)
     1    0.00                           _17685_ (net)
                  0.05    0.00    9.67 v _23223_/A1 (sky130_fd_sc_hd__mux2_1)
                  0.09    0.36   10.03 v _23223_/X (sky130_fd_sc_hd__mux2_1)
     1    0.01                           _17686_ (net)
                  0.09    0.00   10.03 v _23224_/A (sky130_fd_sc_hd__buf_12)
                  0.08    0.20   10.22 v _23224_/X (sky130_fd_sc_hd__buf_12)
     2    0.13                           net187 (net)
                  0.08    0.00   10.23 v output187/A (sky130_fd_sc_hd__buf_4)
                  0.08    0.21   10.44 v output187/X (sky130_fd_sc_hd__buf_4)
     1    0.05                           mem_la_addr[31] (net)
                  0.08    0.00   10.44 v mem_la_addr[31] (out)
                                 10.44   data arrival time

                         20.00   20.00   clock clk (rise edge)
                          0.00   20.00   clock network delay (propagated)
                         -0.25   19.75   clock uncertainty
                          0.00   19.75   clock reconvergence pessimism
                         -4.00   15.75   output external delay
                                 15.75   data required time
-----------------------------------------------------------------------------
                                 15.75   data required time
                                -10.44   data arrival time
-----------------------------------------------------------------------------
                                  5.31   slack (MET)



===========================================================================
report_checks --slack_max -0.01
============================================================================
No paths found.
