
===========================================================================
report_checks -unconstrained
============================================================================
Startpoint: resetn (input port clocked by clk)
Endpoint: mem_la_addr[31] (output port clocked by clk)
Path Group: clk
Path Type: max

Fanout     Cap    Slew   Delay    Time   Description
-----------------------------------------------------------------------------
                          0.00    0.00   clock clk (rise edge)
                          0.00    0.00   clock network delay (propagated)
                          4.00    4.00 ^ input external delay
                  0.05    0.03    4.03 ^ resetn (in)
     1    0.01                           resetn (net)
                  0.05    0.00    4.03 ^ input101/A (sky130_fd_sc_hd__clkbuf_16)
                  0.15    0.19    4.23 ^ input101/X (sky130_fd_sc_hd__clkbuf_16)
     3    0.14                           net101 (net)
                  0.18    0.06    4.29 ^ _19628_/B (sky130_fd_sc_hd__and3_1)
                  0.19    0.30    4.59 ^ _19628_/X (sky130_fd_sc_hd__and3_1)
     3    0.02                           _14298_ (net)
                  0.19    0.00    4.59 ^ _19629_/C (sky130_fd_sc_hd__and3_1)
                  0.09    0.22    4.81 ^ _19629_/X (sky130_fd_sc_hd__and3_1)
     2    0.01                           _14299_ (net)
                  0.09    0.00    4.81 ^ _19650_/B1 (sky130_fd_sc_hd__a22o_1)
                  0.23    0.28    5.09 ^ _19650_/X (sky130_fd_sc_hd__a22o_1)
     2    0.02                           _14320_ (net)
                  0.23    0.00    5.09 ^ _23059_/A (sky130_fd_sc_hd__and3_2)
                  0.16    0.33    5.42 ^ _23059_/X (sky130_fd_sc_hd__and3_2)
     3    0.03                           _17551_ (net)
                  0.16    0.00    5.42 ^ _23069_/A (sky130_fd_sc_hd__and2_1)
                  0.06    0.16    5.58 ^ _23069_/X (sky130_fd_sc_hd__and2_1)
     1    0.00                           _17560_ (net)
                  0.06    0.00    5.58 ^ _23070_/A (sky130_fd_sc_hd__buf_2)
                  0.16    0.20    5.78 ^ _23070_/X (sky130_fd_sc_hd__buf_2)
     4    0.03                           _17561_ (net)
                  0.16    0.00    5.78 ^ _23079_/A (sky130_fd_sc_hd__and3_1)
                  0.18    0.28    6.07 ^ _23079_/X (sky130_fd_sc_hd__and3_1)
     4    0.02                           _17568_ (net)
                  0.18    0.00    6.07 ^ _23090_/A (sky130_fd_sc_hd__and3_1)
                  0.20    0.30    6.37 ^ _23090_/X (sky130_fd_sc_hd__and3_1)
     4    0.02                           _17577_ (net)
                  0.20    0.00    6.38 ^ _23102_/A (sky130_fd_sc_hd__and3_2)
                  0.18    0.34    6.71 ^ _23102_/X (sky130_fd_sc_hd__and3_2)
     4    0.03                           _17587_ (net)
                  0.18    0.00    6.72 ^ _23112_/A (sky130_fd_sc_hd__and3_1)
                  0.19    0.30    7.02 ^ _23112_/X (sky130_fd_sc_hd__and3_1)
     4    0.02                           _17595_ (net)
                  0.19    0.00    7.02 ^ _23123_/A (sky130_fd_sc_hd__and3_1)
                  0.26    0.36    7.37 ^ _23123_/X (sky130_fd_sc_hd__and3_1)
     4    0.03                           _17604_ (net)
                  0.26    0.00    7.38 ^ _23134_/A (sky130_fd_sc_hd__and3_1)
                  0.19    0.32    7.70 ^ _23134_/X (sky130_fd_sc_hd__and3_1)
     4    0.02                           _17613_ (net)
                  0.19    0.00    7.70 ^ _23145_/A (sky130_fd_sc_hd__and3_1)
                  0.19    0.31    8.01 ^ _23145_/X (sky130_fd_sc_hd__and3_1)
     4    0.02                           _17622_ (net)
                  0.19    0.00    8.01 ^ _23156_/A (sky130_fd_sc_hd__and3_1)
                  0.18    0.29    8.30 ^ _23156_/X (sky130_fd_sc_hd__and3_1)
     4    0.02                           _17631_ (net)
                  0.18    0.00    8.30 ^ _23167_/A (sky130_fd_sc_hd__and3_1)
                  0.16    0.28    8.58 ^ _23167_/X (sky130_fd_sc_hd__and3_1)
     4    0.02                           _17640_ (net)
                  0.16    0.00    8.58 ^ _23178_/A (sky130_fd_sc_hd__and3_1)
                  0.17    0.28    8.87 ^ _23178_/X (sky130_fd_sc_hd__and3_1)
     4    0.02                           _17649_ (net)
                  0.17    0.00    8.87 ^ _23189_/A (sky130_fd_sc_hd__and3_2)
                  0.13    0.29    9.16 ^ _23189_/X (sky130_fd_sc_hd__and3_2)
     4    0.02                           _17658_ (net)
                  0.13    0.00    9.16 ^ _23199_/A (sky130_fd_sc_hd__and3_1)
                  0.17    0.27    9.43 ^ _23199_/X (sky130_fd_sc_hd__and3_1)
     4    0.02                           _17666_ (net)
                  0.17    0.00    9.43 ^ _23210_/A (sky130_fd_sc_hd__and3_1)
                  0.12    0.24    9.67 ^ _23210_/X (sky130_fd_sc_hd__and3_1)
     3    0.01                           _17675_ (net)
                  0.12    0.00    9.67 ^ _23216_/A (sky130_fd_sc_hd__nand2_1)
                  0.08    0.11    9.79 v _23216_/Y (sky130_fd_sc_hd__nand2_1)
     2    0.01                           _17680_ (net)
                  0.08    0.00    9.79 v _23222_/A (sky130_fd_sc_hd__xnor2_1)
                  0.05    0.14    9.93 v _23222_/Y (sky130_fd_sc_hd__xnor2_1)
     1    0.00                           _17685_ (net)
                  0.05    0.00    9.93 v _23223_/A1 (sky130_fd_sc_hd__mux2_1)
                  0.09    0.35   10.28 v _23223_/X (sky130_fd_sc_hd__mux2_1)
     1    0.01                           _17686_ (net)
                  0.09    0.00   10.28 v _23224_/A (sky130_fd_sc_hd__buf_12)
                  0.10    0.20   10.48 v _23224_/X (sky130_fd_sc_hd__buf_12)
     5    0.17                           net187 (net)
                  0.10    0.02   10.50 v output187/A (sky130_fd_sc_hd__buf_4)
                  0.08    0.22   10.72 v output187/X (sky130_fd_sc_hd__buf_4)
     1    0.05                           mem_la_addr[31] (net)
                  0.08    0.00   10.72 v mem_la_addr[31] (out)
                                 10.72   data arrival time

                         20.00   20.00   clock clk (rise edge)
                          0.00   20.00   clock network delay (propagated)
                         -0.25   19.75   clock uncertainty
                          0.00   19.75   clock reconvergence pessimism
                         -4.00   15.75   output external delay
                                 15.75   data required time
-----------------------------------------------------------------------------
                                 15.75   data required time
                                -10.72   data arrival time
-----------------------------------------------------------------------------
                                  5.03   slack (MET)



===========================================================================
report_checks --slack_max -0.01
============================================================================
No paths found.
