
===========================================================================
 report_power
============================================================================


======================= Slowest Corner =================================

Group                  Internal  Switching    Leakage      Total
                          Power      Power      Power      Power
----------------------------------------------------------------
Sequential             3.63e-03   4.76e-04   3.20e-05   4.14e-03  18.6%
Combinational          7.03e-03   1.10e-02   1.05e-04   1.81e-02  81.4%
Macro                  0.00e+00   0.00e+00   0.00e+00   0.00e+00   0.0%
Pad                    0.00e+00   0.00e+00   0.00e+00   0.00e+00   0.0%
----------------------------------------------------------------
Total                  1.07e-02   1.15e-02   1.37e-04   2.23e-02 100.0%
                          47.9%      51.5%       0.6%

======================= Typical Corner ===================================

Group                  Internal  Switching    Leakage      Total
                          Power      Power      Power      Power
----------------------------------------------------------------
Sequential             4.68e-03   6.06e-04   1.81e-08   5.29e-03  18.8%
Combinational          8.89e-03   1.40e-02   1.68e-07   2.29e-02  81.2%
Macro                  0.00e+00   0.00e+00   0.00e+00   0.00e+00   0.0%
Pad                    0.00e+00   0.00e+00   0.00e+00   0.00e+00   0.0%
----------------------------------------------------------------
Total                  1.36e-02   1.46e-02   1.87e-07   2.82e-02 100.0%
                          48.2%      51.8%       0.0%


======================= Fastest Corner =================================

Group                  Internal  Switching    Leakage      Total
                          Power      Power      Power      Power
----------------------------------------------------------------
Sequential             5.44e-03   7.17e-04   3.40e-08   6.16e-03  18.8%
Combinational          1.01e-02   1.65e-02   2.55e-07   2.66e-02  81.2%
Macro                  0.00e+00   0.00e+00   0.00e+00   0.00e+00   0.0%
Pad                    0.00e+00   0.00e+00   0.00e+00   0.00e+00   0.0%
----------------------------------------------------------------
Total                  1.56e-02   1.72e-02   2.89e-07   3.28e-02 100.0%
                          47.5%      52.5%       0.0%
